// Jest Snapshot v1, https://goo.gl/fbAQLP

exports[`Loader atom tests Loader component render 1`] = `
<div
  class="loder"
>
  <div
    class="lds-ellipsis"
  >
    <div />
    <div />
    <div />
    <div />
  </div>
</div>
`;
