// Jest Snapshot v1, https://goo.gl/fbAQLP

exports[`MissionSmallCard organism tests MissionSmallCard component render 1`] = `
<a
  href="/mission/0"
  style="text-decoration: none;"
>
  <div
    class="mission-wrapper"
  >
    <div
      class="card-header"
    >
      <h2
        class="title"
      >
        This is a mission name
      </h2>
    </div>
    <div
      class="list-card-body"
    >
      <div
        class="details"
      >
        This is a mission detail
      </div>
      <div
        class="launch-date"
      >
        April 10, 2022
      </div>
    </div>
  </div>
</a>
`;
