// Jest Snapshot v1, https://goo.gl/fbAQLP

exports[`Mission view tests Mission component render with error msg 1`] = `
<p>
  Error :(
</p>
`;

exports[`Mission view tests Mission component render with loader 1`] = `
<div
  class="loder"
>
  <div
    class="lds-ellipsis"
  >
    <div />
    <div />
    <div />
    <div />
  </div>
</div>
`;

exports[`Mission view tests Mission component render with success 1`] = `
<div
  class="spacex-mission"
>
  <header>
    <a
      class="card-action "
      href="/"
    >
       
      &lt; Go to results page
       
    </a>
  </header>
  <section
    class="mission-body"
  >
    <div
      class="mission-card-wrapper"
    >
      <img
        alt="Launch image"
        src=""
      />
      <div
        class="card-header"
      >
        <h2
          class="title"
        >
          This is a mission name
        </h2>
      </div>
      <div
        class="card-body"
      >
        <div
          class="details"
        >
          This is a mission detail
        </div>
        <a
          class="card-action "
          href=""
        >
           
          See more
           
        </a>
      </div>
    </div>
  </section>
</div>
`;
